---
source: tests/terminal_e2e.rs
expression: inspector.with_styles()
---
size: 100x30  cursor: hidden
 sauva · Inspector                                                                           U+0042
┌ Properties ──────────────────────────────────────────────┐┌ Glyph Preview ───────────────────────┐
│ Identity                                                │││ Font     —                           │
│   Character                  B                          │││ Version  —                           │
│   Code Point                 U+0042                     │││                                      │
│   Primary Name               LATIN CAPITAL LETTER B     │││                                      │
│   Aliases                    None                       │││                                      │
│   Plane                                                 │││                                      │
│   0 — Basic Multilingual Plane                          │││                                      │
│   Block                      Basic Latin                │││                                      │
│                                                         │││                                      │
│ Classification                                          │││                                      │
│   General Category           Lu — Uppercase Letter      │││                                      │
│   Script                     Latin                      │││                                      │
│   Age                        1.1                        │││                                      │
│   East Asian Width           Na — Narrow                │││           Graphics disabled          │
│   Canonical Combining Class  0 — Not Reordered          │││  Enable with --graphics auto/force.  │
│   Bidi Class                 L — Left To Right          │││                                      │
│   Default Ignorable          No                         │││                                      │
│                                                         │││                                      │
│ Encoding                                                │││                                      │
│   UTF-8                      42                         │││                                      │
│   UTF-16                     0042                       │││                                      │
│   HTML Decimal               &#66;                       ││                                      │
│   HTML Hex                   &#x42;                      ││                                      │
│   Rust char                  '\u{42}'                    ││                                      │
│   Unicode Escape             \u0042                      ││                                      │
│                                                          ││                                      │
└──────────────────────────────────────────────────────────┘└──────────────────────────────────────┘
 h/l: Point  k/j: Field  C-u/C-d: Page  y: Copy  /: Search  p/r/b/c: Browse  q: Quit       F1: Help

styles:
0: 0-5 fg=6 bold; 93-99 fg=8
1: 0 fg=8; 1-12 fg=6 bold; 13-60 fg=8; 61-75 fg=6 bold; 76-99 fg=8
2: 0 fg=8; 2-9 fg=6 bold; 58-60 fg=8; 62-70 fg=8; 99 fg=8
3: 0 fg=8; 2-57 fg=0 bg=6; 58-60 fg=8; 62-70 fg=8; 99 fg=8
4: 0 fg=8; 2-30 fg=8; 58-60 fg=8; 99 fg=8
5: 0 fg=8; 2-30 fg=8; 58-60 fg=8; 99 fg=8
6: 0 fg=8; 2-30 fg=8; 58-60 fg=8; 99 fg=8
7: 0 fg=8; 2-8 fg=8; 58-60 fg=8; 99 fg=8
8: 0 fg=8; 2-3 fg=8; 58-60 fg=8; 99 fg=8
9: 0 fg=8; 2-30 fg=8; 58-60 fg=8; 99 fg=8
10: 0 fg=8; 58-60 fg=8; 99 fg=8
11: 0 fg=8; 2-15 fg=6 bold; 58-60 fg=8; 99 fg=8
12: 0 fg=8; 2-30 fg=8; 58-60 fg=8; 99 fg=8
13: 0 fg=8; 2-30 fg=8; 58-60 fg=8; 99 fg=8
14: 0 fg=8; 2-30 fg=8; 58-60 fg=8; 99 fg=8
15: 0 fg=8; 2-30 fg=8; 58-60 fg=8; 72-88 fg=3 bold; 99 fg=8
16: 0 fg=8; 2-30 fg=8; 58-60 fg=8; 63-96 fg=8; 99 fg=8
17: 0 fg=8; 2-30 fg=8; 58-60 fg=8; 99 fg=8
18: 0 fg=8; 2-30 fg=8; 58-60 fg=8; 99 fg=8
19: 0 fg=8; 58-60 fg=8; 99 fg=8
20: 0 fg=8; 2-9 fg=6 bold; 58-60 fg=8; 99 fg=8
21: 0 fg=8; 2-30 fg=8; 58-60 fg=8; 99 fg=8
22: 0 fg=8; 2-30 fg=8; 58-60 fg=8; 99 fg=8
23: 0 fg=8; 2-30 fg=8; 59-60 fg=8; 99 fg=8
24: 0 fg=8; 2-30 fg=8; 59-60 fg=8; 99 fg=8
25: 0 fg=8; 2-30 fg=8; 59-60 fg=8; 99 fg=8
26: 0 fg=8; 2-30 fg=8; 59-60 fg=8; 99 fg=8
27: 0 fg=8; 59-60 fg=8; 99 fg=8
28: 0-99 fg=8
29: 1-3 fg=3; 4-10 fg=8; 13-15 fg=3; 16-22 fg=8; 25-31 fg=3; 32-37 fg=8; 40 fg=3; 41-46 fg=8; 49 fg=3; 50-57 fg=8; 60-66 fg=3; 67-74 fg=8; 77 fg=3; 78-83 fg=8; 91-92 fg=3; 93-98 fg=8
