---
source: src/ui/render.rs
expression: "render_after_inspector_move(&state, width, height, InspectorMove::Last,)"
---
 sauva / Inspector                                                                           U+00E9

 ─────────────────────────────────────────────────────────  │ Glyph
 Classification                                             │  Font     —
   General Category           Ll — Lowercase Letter         │  Version  —
   Script                     Latin                         │
   Age                        1.1                           │
   East Asian Width           A — Ambiguous                 │
   Canonical Combining Class  0 — Not Reordered             │
   Bidi Class                 L — Left To Right             ┃
   Default Ignorable          No                            ┃
 ─────────────────────────────────────────────────────────  ┃
 Encoding                                                   ┃
   UTF-8                      C3 A9                         ┃
   UTF-16                     00E9                          ┃
   HTML Decimal               &#233;                        ┃         Graphics unavailable
   HTML Hex                   &#xE9;                        ┃  Use --graphics force to try anyway.
   Rust char                  '\u{E9}'                      ┃
   Unicode Escape             \u00E9                        ┃
 ─────────────────────────────────────────────────────────  ┃
 Normalization                                              ┃
   Decomposition Type         Canonical                     ┃
   Decomposition                                            ┃
   U+0065 LATIN SMALL LETTER E                              ┃
   U+0301 COMBINING ACUTE ACCENT                            ┃
 ─────────────────────────────────────────────────────────  ┃
 Data                                                       ┃
   Unicode Version            17.0.0                        ┃
                                                            │
 h/l Point  k/j Field  C-u/C-d Page  g/G Ends  y Copy  / Search  p/r/b/c Browse  q Quit     F1 Help
