---
source: src/ui/render.rs
expression: "render_to_text(&state, width, height)"
---
 sauva / Search                                                                           0 results

 Search                                                     │ Selection
────────────────────────────────────────────────────────────│
 Results                                                    │
  Search by name or alias, code point, or character         │
  Examples  rightwards arrow · NULL · U+2192 · →            │
                                                            │
                                                            │
                                                            │
                                                            │
                                                            │
                                                            │
                                                            │
                                                            │
                                                            │               No preview
                                                            │
                                                            │
                                                            │
                                                            │
                                                            │
                                                            │
                                                            │
                                                            │
                                                            │
                                                            │
                                                            │
                                                            │
                                                            │
 ↑/↓ Move  Enter Inspect  Esc Close  C-c Quit                                               F1 Help
