---
source: src/ui/render.rs
expression: "render_to_text(&state, width, height)"
---
 sauva / Inspector                                                                           U+0301
 Identity                                                   ┃ Glyph
   Character                  ◌́                             ┃ Font     Test Font Regular
   Code Point                 U+0301                        ┃ Version  —
   Primary Name               COMBINING ACUTE ACCENT        ┃ 􎻮̅̅􎻮̅̍􎻮̅̎􎻮̅̐􎻮̅̒􎻮̅̽􎻮̅̾􎻮̅̿􎻮̅͆􎻮̅͊􎻮̅͋􎻮̅͌􎻮̅͐􎻮̅͑􎻮̅͒􎻮̅͗􎻮̅͛􎻮̅ͣ􎻮̅ͤ􎻮̅ͥ􎻮̅ͦ􎻮̅ͧ􎻮̅ͨ􎻮̅ͩ􎻮̅ͪ􎻮̅ͫ􎻮̅ͬ􎻮̅ͭ􎻮̅ͮ􎻮̅ͯ􎻮̅҃􎻮̅҄􎻮̅҅􎻮̅҆􎻮̅҇􎻮̅֒
   Aliases                    None                          ┃ 􎻮̍̅􎻮̍̍􎻮̍̎􎻮̍̐􎻮̍̒􎻮̍̽􎻮̍̾􎻮̍̿􎻮̍͆􎻮̍͊􎻮̍͋􎻮̍͌􎻮̍͐􎻮̍͑􎻮̍͒􎻮̍͗􎻮̍͛􎻮̍ͣ􎻮̍ͤ􎻮̍ͥ􎻮̍ͦ􎻮̍ͧ􎻮̍ͨ􎻮̍ͩ􎻮̍ͪ􎻮̍ͫ􎻮̍ͬ􎻮̍ͭ􎻮̍ͮ􎻮̍ͯ􎻮̍҃􎻮̍҄􎻮̍҅􎻮̍҆􎻮̍҇􎻮̍֒
   Plane                      0 — Basic Multilingual Plane  ┃ 􎻮̎̅􎻮̎̍􎻮̎̎􎻮̎̐􎻮̎̒􎻮̎̽􎻮̎̾􎻮̎̿􎻮̎͆􎻮̎͊􎻮̎͋􎻮̎͌􎻮̎͐􎻮̎͑􎻮̎͒􎻮̎͗􎻮̎͛􎻮̎ͣ􎻮̎ͤ􎻮̎ͥ􎻮̎ͦ􎻮̎ͧ􎻮̎ͨ􎻮̎ͩ􎻮̎ͪ􎻮̎ͫ􎻮̎ͬ􎻮̎ͭ􎻮̎ͮ􎻮̎ͯ􎻮̎҃􎻮̎҄􎻮̎҅􎻮̎҆􎻮̎҇􎻮̎֒
   Block                      Combining Diacritical Marks   ┃ 􎻮̐̅􎻮̐̍􎻮̐̎􎻮̐̐􎻮̐̒􎻮̐̽􎻮̐̾􎻮̐̿􎻮̐͆􎻮̐͊􎻮̐͋􎻮̐͌􎻮̐͐􎻮̐͑􎻮̐͒􎻮̐͗􎻮̐͛􎻮̐ͣ􎻮̐ͤ􎻮̐ͥ􎻮̐ͦ􎻮̐ͧ􎻮̐ͨ􎻮̐ͩ􎻮̐ͪ􎻮̐ͫ􎻮̐ͬ􎻮̐ͭ􎻮̐ͮ􎻮̐ͯ􎻮̐҃􎻮̐҄􎻮̐҅􎻮̐҆􎻮̐҇􎻮̐֒
 ─────────────────────────────────────────────────────────  ┃ 􎻮̒̅􎻮̒̍􎻮̒̎􎻮̒̐􎻮̒̒􎻮̒̽􎻮̒̾􎻮̒̿􎻮̒͆􎻮̒͊􎻮̒͋􎻮̒͌􎻮̒͐􎻮̒͑􎻮̒͒􎻮̒͗􎻮̒͛􎻮̒ͣ􎻮̒ͤ􎻮̒ͥ􎻮̒ͦ􎻮̒ͧ􎻮̒ͨ􎻮̒ͩ􎻮̒ͪ􎻮̒ͫ􎻮̒ͬ􎻮̒ͭ􎻮̒ͮ􎻮̒ͯ􎻮̒҃􎻮̒҄􎻮̒҅􎻮̒҆􎻮̒҇􎻮̒֒
 Classification                                             ┃ 􎻮̽̅􎻮̽̍􎻮̽̎􎻮̽̐􎻮̽̒􎻮̽̽􎻮̽̾􎻮̽̿􎻮̽͆􎻮̽͊􎻮̽͋􎻮̽͌􎻮̽͐􎻮̽͑􎻮̽͒􎻮̽͗􎻮̽͛􎻮̽ͣ􎻮̽ͤ􎻮̽ͥ􎻮̽ͦ􎻮̽ͧ􎻮̽ͨ􎻮̽ͩ􎻮̽ͪ􎻮̽ͫ􎻮̽ͬ􎻮̽ͭ􎻮̽ͮ􎻮̽ͯ􎻮̽҃􎻮̽҄􎻮̽҅􎻮̽҆􎻮̽҇􎻮̽֒
   General Category           Mn — Nonspacing Mark          ┃ 􎻮̾̅􎻮̾̍􎻮̾̎􎻮̾̐􎻮̾̒􎻮̾̽􎻮̾̾􎻮̾̿􎻮̾͆􎻮̾͊􎻮̾͋􎻮̾͌􎻮̾͐􎻮̾͑􎻮̾͒􎻮̾͗􎻮̾͛􎻮̾ͣ􎻮̾ͤ􎻮̾ͥ􎻮̾ͦ􎻮̾ͧ􎻮̾ͨ􎻮̾ͩ􎻮̾ͪ􎻮̾ͫ􎻮̾ͬ􎻮̾ͭ􎻮̾ͮ􎻮̾ͯ􎻮̾҃􎻮̾҄􎻮̾҅􎻮̾҆􎻮̾҇􎻮̾֒
   Script                     Inherited                     ┃ 􎻮̿̅􎻮̿̍􎻮̿̎􎻮̿̐􎻮̿̒􎻮̿̽􎻮̿̾􎻮̿̿􎻮̿͆􎻮̿͊􎻮̿͋􎻮̿͌􎻮̿͐􎻮̿͑􎻮̿͒􎻮̿͗􎻮̿͛􎻮̿ͣ􎻮̿ͤ􎻮̿ͥ􎻮̿ͦ􎻮̿ͧ􎻮̿ͨ􎻮̿ͩ􎻮̿ͪ􎻮̿ͫ􎻮̿ͬ􎻮̿ͭ􎻮̿ͮ􎻮̿ͯ􎻮̿҃􎻮̿҄􎻮̿҅􎻮̿҆􎻮̿҇􎻮̿֒
   Age                        1.1                           ┃ 􎻮͆̅􎻮͆̍􎻮͆̎􎻮͆̐􎻮͆̒􎻮͆̽􎻮͆̾􎻮͆̿􎻮͆͆􎻮͆͊􎻮͆͋􎻮͆͌􎻮͆͐􎻮͆͑􎻮͆͒􎻮͆͗􎻮͆͛􎻮͆ͣ􎻮͆ͤ􎻮͆ͥ􎻮͆ͦ􎻮͆ͧ􎻮͆ͨ􎻮͆ͩ􎻮͆ͪ􎻮͆ͫ􎻮͆ͬ􎻮͆ͭ􎻮͆ͮ􎻮͆ͯ􎻮͆҃􎻮͆҄􎻮͆҅􎻮͆҆􎻮͆҇􎻮͆֒
   East Asian Width           A — Ambiguous                 ┃ 􎻮͊̅􎻮͊̍􎻮͊̎􎻮͊̐􎻮͊̒􎻮͊̽􎻮͊̾􎻮͊̿􎻮͊͆􎻮͊͊􎻮͊͋􎻮͊͌􎻮͊͐􎻮͊͑􎻮͊͒􎻮͊͗􎻮͊͛􎻮͊ͣ􎻮͊ͤ􎻮͊ͥ􎻮͊ͦ􎻮͊ͧ􎻮͊ͨ􎻮͊ͩ􎻮͊ͪ􎻮͊ͫ􎻮͊ͬ􎻮͊ͭ􎻮͊ͮ􎻮͊ͯ􎻮͊҃􎻮͊҄􎻮͊҅􎻮͊҆􎻮͊҇􎻮͊֒
   Canonical Combining Class  230 — Above                   ┃ 􎻮͋̅􎻮͋̍􎻮͋̎􎻮͋̐􎻮͋̒􎻮͋̽􎻮͋̾􎻮͋̿􎻮͋͆􎻮͋͊􎻮͋͋􎻮͋͌􎻮͋͐􎻮͋͑􎻮͋͒􎻮͋͗􎻮͋͛􎻮͋ͣ􎻮͋ͤ􎻮͋ͥ􎻮͋ͦ􎻮͋ͧ􎻮͋ͨ􎻮͋ͩ􎻮͋ͪ􎻮͋ͫ􎻮͋ͬ􎻮͋ͭ􎻮͋ͮ􎻮͋ͯ􎻮͋҃􎻮͋҄􎻮͋҅􎻮͋҆􎻮͋҇􎻮͋֒
   Bidi Class                 NSM — Nonspacing Mark         ┃ 􎻮͌̅􎻮͌̍􎻮͌̎􎻮͌̐􎻮͌̒􎻮͌̽􎻮͌̾􎻮͌̿􎻮͌͆􎻮͌͊􎻮͌͋􎻮͌͌􎻮͌͐􎻮͌͑􎻮͌͒􎻮͌͗􎻮͌͛􎻮͌ͣ􎻮͌ͤ􎻮͌ͥ􎻮͌ͦ􎻮͌ͧ􎻮͌ͨ􎻮͌ͩ􎻮͌ͪ􎻮͌ͫ􎻮͌ͬ􎻮͌ͭ􎻮͌ͮ􎻮͌ͯ􎻮͌҃􎻮͌҄􎻮͌҅􎻮͌҆􎻮͌҇􎻮͌֒
   Default Ignorable          No                            ┃ 􎻮͐̅􎻮͐̍􎻮͐̎􎻮͐̐􎻮͐̒􎻮͐̽􎻮͐̾􎻮͐̿􎻮͐͆􎻮͐͊􎻮͐͋􎻮͐͌􎻮͐͐􎻮͐͑􎻮͐͒􎻮͐͗􎻮͐͛􎻮͐ͣ􎻮͐ͤ􎻮͐ͥ􎻮͐ͦ􎻮͐ͧ􎻮͐ͨ􎻮͐ͩ􎻮͐ͪ􎻮͐ͫ􎻮͐ͬ􎻮͐ͭ􎻮͐ͮ􎻮͐ͯ􎻮͐҃􎻮͐҄􎻮͐҅􎻮͐҆􎻮͐҇􎻮͐֒
 ─────────────────────────────────────────────────────────  ┃ 􎻮͑̅􎻮͑̍􎻮͑̎􎻮͑̐􎻮͑̒􎻮͑̽􎻮͑̾􎻮͑̿􎻮͑͆􎻮͑͊􎻮͑͋􎻮͑͌􎻮͑͐􎻮͑͑􎻮͑͒􎻮͑͗􎻮͑͛􎻮͑ͣ􎻮͑ͤ􎻮͑ͥ􎻮͑ͦ􎻮͑ͧ􎻮͑ͨ􎻮͑ͩ􎻮͑ͪ􎻮͑ͫ􎻮͑ͬ􎻮͑ͭ􎻮͑ͮ􎻮͑ͯ􎻮͑҃􎻮͑҄􎻮͑҅􎻮͑҆􎻮͑҇􎻮͑֒
 Encoding                                                   ┃ 􎻮͒̅􎻮͒̍􎻮͒̎􎻮͒̐􎻮͒̒􎻮͒̽􎻮͒̾􎻮͒̿􎻮͒͆􎻮͒͊􎻮͒͋􎻮͒͌􎻮͒͐􎻮͒͑􎻮͒͒􎻮͒͗􎻮͒͛􎻮͒ͣ􎻮͒ͤ􎻮͒ͥ􎻮͒ͦ􎻮͒ͧ􎻮͒ͨ􎻮͒ͩ􎻮͒ͪ􎻮͒ͫ􎻮͒ͬ􎻮͒ͭ􎻮͒ͮ􎻮͒ͯ􎻮͒҃􎻮͒҄􎻮͒҅􎻮͒҆􎻮͒҇􎻮͒֒
   UTF-8                      CC 81                         ┃ 􎻮͗̅􎻮͗̍􎻮͗̎􎻮͗̐􎻮͗̒􎻮͗̽􎻮͗̾􎻮͗̿􎻮͗͆􎻮͗͊􎻮͗͋􎻮͗͌􎻮͗͐􎻮͗͑􎻮͗͒􎻮͗͗􎻮͗͛􎻮͗ͣ􎻮͗ͤ􎻮͗ͥ􎻮͗ͦ􎻮͗ͧ􎻮͗ͨ􎻮͗ͩ􎻮͗ͪ􎻮͗ͫ􎻮͗ͬ􎻮͗ͭ􎻮͗ͮ􎻮͗ͯ􎻮͗҃􎻮͗҄􎻮͗҅􎻮͗҆􎻮͗҇􎻮͗֒
   UTF-16                     0301                          ┃ 􎻮͛̅􎻮͛̍􎻮͛̎􎻮͛̐􎻮͛̒􎻮͛̽􎻮͛̾􎻮͛̿􎻮͛͆􎻮͛͊􎻮͛͋􎻮͛͌􎻮͛͐􎻮͛͑􎻮͛͒􎻮͛͗􎻮͛͛􎻮͛ͣ􎻮͛ͤ􎻮͛ͥ􎻮͛ͦ􎻮͛ͧ􎻮͛ͨ􎻮͛ͩ􎻮͛ͪ􎻮͛ͫ􎻮͛ͬ􎻮͛ͭ􎻮͛ͮ􎻮͛ͯ􎻮͛҃􎻮͛҄􎻮͛҅􎻮͛҆􎻮͛҇􎻮͛֒
   HTML Decimal               &#769;                        ┃ 􎻮ͣ̅􎻮ͣ̍􎻮ͣ̎􎻮ͣ̐􎻮ͣ̒􎻮ͣ̽􎻮ͣ̾􎻮ͣ̿􎻮ͣ͆􎻮ͣ͊􎻮ͣ͋􎻮ͣ͌􎻮ͣ͐􎻮ͣ͑􎻮ͣ͒􎻮ͣ͗􎻮ͣ͛􎻮ͣͣ􎻮ͣͤ􎻮ͣͥ􎻮ͣͦ􎻮ͣͧ􎻮ͣͨ􎻮ͣͩ􎻮ͣͪ􎻮ͣͫ􎻮ͣͬ􎻮ͣͭ􎻮ͣͮ􎻮ͣͯ􎻮ͣ҃􎻮ͣ҄􎻮ͣ҅􎻮ͣ҆􎻮ͣ҇􎻮ͣ֒
   HTML Hex                   &#x301;                       ┃ 􎻮ͤ̅􎻮ͤ̍􎻮ͤ̎􎻮ͤ̐􎻮ͤ̒􎻮ͤ̽􎻮ͤ̾􎻮ͤ̿􎻮ͤ͆􎻮ͤ͊􎻮ͤ͋􎻮ͤ͌􎻮ͤ͐􎻮ͤ͑􎻮ͤ͒􎻮ͤ͗􎻮ͤ͛􎻮ͤͣ􎻮ͤͤ􎻮ͤͥ􎻮ͤͦ􎻮ͤͧ􎻮ͤͨ􎻮ͤͩ􎻮ͤͪ􎻮ͤͫ􎻮ͤͬ􎻮ͤͭ􎻮ͤͮ􎻮ͤͯ􎻮ͤ҃􎻮ͤ҄􎻮ͤ҅􎻮ͤ҆􎻮ͤ҇􎻮ͤ֒
   Rust char                  '\u{301}'                     ┃ 􎻮ͥ̅􎻮ͥ̍􎻮ͥ̎􎻮ͥ̐􎻮ͥ̒􎻮ͥ̽􎻮ͥ̾􎻮ͥ̿􎻮ͥ͆􎻮ͥ͊􎻮ͥ͋􎻮ͥ͌􎻮ͥ͐􎻮ͥ͑􎻮ͥ͒􎻮ͥ͗􎻮ͥ͛􎻮ͥͣ􎻮ͥͤ􎻮ͥͥ􎻮ͥͦ􎻮ͥͧ􎻮ͥͨ􎻮ͥͩ􎻮ͥͪ􎻮ͥͫ􎻮ͥͬ􎻮ͥͭ􎻮ͥͮ􎻮ͥͯ􎻮ͥ҃􎻮ͥ҄􎻮ͥ҅􎻮ͥ҆􎻮ͥ҇􎻮ͥ֒
   Unicode Escape             \u0301                        │ 􎻮ͦ̅􎻮ͦ̍􎻮ͦ̎􎻮ͦ̐􎻮ͦ̒􎻮ͦ̽􎻮ͦ̾􎻮ͦ̿􎻮ͦ͆􎻮ͦ͊􎻮ͦ͋􎻮ͦ͌􎻮ͦ͐􎻮ͦ͑􎻮ͦ͒􎻮ͦ͗􎻮ͦ͛􎻮ͦͣ􎻮ͦͤ􎻮ͦͥ􎻮ͦͦ􎻮ͦͧ􎻮ͦͨ􎻮ͦͩ􎻮ͦͪ􎻮ͦͫ􎻮ͦͬ􎻮ͦͭ􎻮ͦͮ􎻮ͦͯ􎻮ͦ҃􎻮ͦ҄􎻮ͦ҅􎻮ͦ҆􎻮ͦ҇􎻮ͦ֒
 ─────────────────────────────────────────────────────────  │ 􎻮ͧ̅􎻮ͧ̍􎻮ͧ̎􎻮ͧ̐􎻮ͧ̒􎻮ͧ̽􎻮ͧ̾􎻮ͧ̿􎻮ͧ͆􎻮ͧ͊􎻮ͧ͋􎻮ͧ͌􎻮ͧ͐􎻮ͧ͑􎻮ͧ͒􎻮ͧ͗􎻮ͧ͛􎻮ͧͣ􎻮ͧͤ􎻮ͧͥ􎻮ͧͦ􎻮ͧͧ􎻮ͧͨ􎻮ͧͩ􎻮ͧͪ􎻮ͧͫ􎻮ͧͬ􎻮ͧͭ􎻮ͧͮ􎻮ͧͯ􎻮ͧ҃􎻮ͧ҄􎻮ͧ҅􎻮ͧ҆􎻮ͧ҇􎻮ͧ֒
 Normalization                                              │ 􎻮ͨ̅􎻮ͨ̍􎻮ͨ̎􎻮ͨ̐􎻮ͨ̒􎻮ͨ̽􎻮ͨ̾􎻮ͨ̿􎻮ͨ͆􎻮ͨ͊􎻮ͨ͋􎻮ͨ͌􎻮ͨ͐􎻮ͨ͑􎻮ͨ͒􎻮ͨ͗􎻮ͨ͛􎻮ͨͣ􎻮ͨͤ􎻮ͨͥ􎻮ͨͦ􎻮ͨͧ􎻮ͨͨ􎻮ͨͩ􎻮ͨͪ􎻮ͨͫ􎻮ͨͬ􎻮ͨͭ􎻮ͨͮ􎻮ͨͯ􎻮ͨ҃􎻮ͨ҄􎻮ͨ҅􎻮ͨ҆􎻮ͨ҇􎻮ͨ֒
   Decomposition Type         None                          │ 􎻮ͩ̅􎻮ͩ̍􎻮ͩ̎􎻮ͩ̐􎻮ͩ̒􎻮ͩ̽􎻮ͩ̾􎻮ͩ̿􎻮ͩ͆􎻮ͩ͊􎻮ͩ͋􎻮ͩ͌􎻮ͩ͐􎻮ͩ͑􎻮ͩ͒􎻮ͩ͗􎻮ͩ͛􎻮ͩͣ􎻮ͩͤ􎻮ͩͥ􎻮ͩͦ􎻮ͩͧ􎻮ͩͨ􎻮ͩͩ􎻮ͩͪ􎻮ͩͫ􎻮ͩͬ􎻮ͩͭ􎻮ͩͮ􎻮ͩͯ􎻮ͩ҃􎻮ͩ҄􎻮ͩ҅􎻮ͩ҆􎻮ͩ҇􎻮ͩ֒
                                                            │
 h/l: Point  k/j: Field  C-u/C-d: Page  y: Copy  /: Search  p/r/b/c: Browse  q: Quit       F1: Help
