---
source: src/ui/render.rs
expression: "render_to_text(&state, width, height)"
---
┌ Browse · Planes ─────────────────────────────────────────┐┌ Plane Context ───────────────────────────────────────────────────────────────┐
│   Plane  0  Basic Multilingual Plane                     ││ Plane  8                                                                     │
│   Plane  1  Supplementary Multilingual Plane             ││ Name   Reserved                                                              │
│   Plane  2  Supplementary Ideographic Plane              ││ Start  U+80000                                                               │
│   Plane  3  Tertiary Ideographic Plane                   ││ End    U+8FFFF                                                               │
│   Plane  4  Reserved                                     ││                                                                              │
│   Plane  5  Reserved                                     ││                                                                              │
│   Plane  6  Reserved                                     ││                                                                              │
│   Plane  7  Reserved                                     ││                                                                              │
│   Plane  8  Reserved                                     ││                                                                              │
│   Plane  9  Reserved                                     ││                                                                              │
│   Plane 10  Reserved                                     ││                                                                              │
│   Plane 11  Reserved                                     ││                                                                              │
│   Plane 12  Reserved                                     ││                                                                              │
│   Plane 13  Reserved                                     ││                                                                              │
│   Plane 14  Supplementary Special-purpose Plane          ││                                                                              │
│   Plane 15  Supplementary Private Use Area-A             ││                                                                              │
│   Plane 16  Supplementary Private Use Area-B             ││                                                                              │
│                                                          ││                                                                              │
│                                                          ││                                                                              │
│                                                          ││                                                                              │
│                                                          ││                                                                              │
│                                                          ││                                                                              │
│                                                          ││                                                                              │
│                                                          ││                                                                              │
│                                                          ││                                                                              │
│                                                          ││                                                                              │
│                                                          ││                                                                              │
│                                                          ││                                                                              │
│                                                          ││                                                                              │
│                                                          ││                                                                              │
│                                                          ││                                                                              │
│                                                          ││                                                                              │
│                                                          ││                                                                              │
│                                                          ││                                                                              │
│                                                          ││                                                                              │
│                                                          ││                                                                              │
│                                                          ││                                                                              │
└──────────────────────────────────────────────────────────┘└──────────────────────────────────────────────────────────────────────────────┘
 k/j: Move  g/G: Ends  Enter: Ranges  BS: Back  Esc: Close  q: Quit  F1: Help
