---
source: src/ui/render.rs
expression: "render_to_text(&state, width, height)"
---
 sauva / Browse / Code Points                                                                                                      U+10FFFF

 Code Points                             U+10FF00–U+10FFFF  │ Selection
          0  1  2  3  4  5  6  7  8  9  A  B  C  D  E  F    │  Character        <NONCHARACTER>
  10FF00  ·  ·  ·  ·  ·  ·  ·  ·  ·  ·  ·  ·  ·  ·  ·  ·    │  Code Point       U+10FFFF
  10FF10  ·  ·  ·  ·  ·  ·  ·  ·  ·  ·  ·  ·  ·  ·  ·  ·    │  Primary Name     Unassigned
  10FF20  ·  ·  ·  ·  ·  ·  ·  ·  ·  ·  ·  ·  ·  ·  ·  ·    │  Block            Supplementary Private Use Area-B
  10FF30  ·  ·  ·  ·  ·  ·  ·  ·  ·  ·  ·  ·  ·  ·  ·  ·    │  General Category Cn — Unassigned
  10FF40  ·  ·  ·  ·  ·  ·  ·  ·  ·  ·  ·  ·  ·  ·  ·  ·    │
  10FF50  ·  ·  ·  ·  ·  ·  ·  ·  ·  ·  ·  ·  ·  ·  ·  ·    │
  10FF60  ·  ·  ·  ·  ·  ·  ·  ·  ·  ·  ·  ·  ·  ·  ·  ·    │
  10FF70  ·  ·  ·  ·  ·  ·  ·  ·  ·  ·  ·  ·  ·  ·  ·  ·    │
  10FF80  ·  ·  ·  ·  ·  ·  ·  ·  ·  ·  ·  ·  ·  ·  ·  ·    │ ─────────────────────────────────────────────────────────────────────────────
  10FF90  ·  ·  ·  ·  ·  ·  ·  ·  ·  ·  ·  ·  ·  ·  ·  ·    │ Glyph
  10FFA0  ·  ·  ·  ·  ·  ·  ·  ·  ·  ·  ·  ·  ·  ·  ·  ·    │
  10FFB0  ·  ·  ·  ·  ·  ·  ·  ·  ·  ·  ·  ·  ·  ·  ·  ·    │
  10FFC0  ·  ·  ·  ·  ·  ·  ·  ·  ·  ·  ·  ·  ·  ·  ·  ·    │
  10FFD0  ·  ·  ·  ·  ·  ·  ·  ·  ·  ·  ·  ·  ·  ·  ·  ·    │
  10FFE0  ·  ·  ·  ·  ·  ·  ·  ·  ·  ·  ·  ·  ·  ·  ·  ·    │
  10FFF0  ·  ·  ·  ·  ·  ·  ·  ·  ·  ·  ·  ·  ·  ·  ·  ·    │
                                                            │
                                                            │
                                                            │
                                                            │
                                                            │
                                                            │
                                                            │
                                                            │
                                                            │
                                                            │
                                                            │
                                                            │
                                                            │
                                                            │
                                                            │
                                                            │
                                                            │
                                                            │
                                                            │
 h/l/k/j Move  C-u/C-d Jump  g/G Ends  Enter Inspect  BS Back  Esc Close  q Quit                                                    F1 Help
