---
source: src/ui/render.rs
expression: "render_to_text(&state, width, height)"
---
┌ Search ──────────────────────────────────────────────────┐┌ Selection Preview ───────────────────────────────────────────────────────────┐
│ U+D800                                                   ││ Character        <SURROGATE>                                                 │
└──────────────────────────────────────────────────────────┘│ Code Point       U+D800                                                      │
┌ Results · 1 ─────────────────────────────────────────────┐│ Primary Name     No Primary Name                                             │
│   ·   U+D800    <SURROGATE> — No Primary Name            ││ Block            High Surrogates                                             │
│                                                          ││ General Category Cs — Surrogate                                              │
│                                                          ││                                                                              │
│                                                          ││                                                                              │
│                                                          ││                                                                              │
│                                                          ││                                                                              │
│                                                          ││                                                                              │
│                                                          ││                                                                              │
│                                                          ││                                                                              │
│                                                          ││                                                                              │
│                                                          ││                                                                              │
│                                                          ││                                                                              │
│                                                          ││                                                                              │
│                                                          ││                                                                              │
│                                                          ││                                                                              │
│                                                          ││                                                                              │
│                                                          ││                                                                              │
│                                                          ││                                                                              │
│                                                          ││                                                                              │
│                                                          ││                                                                              │
│                                                          ││                                                                              │
│                                                          ││                                                                              │
│                                                          ││                                                                              │
│                                                          ││                                                                              │
│                                                          ││                                                                              │
│                                                          ││                                                                              │
│                                                          ││                                                                              │
│                                                          ││                                                                              │
│                                                          ││                                                                              │
│                                                          ││                                                                              │
│                                                          ││                                                                              │
│                                                          ││                                                                              │
│                                                          ││                                                                              │
│                                                          ││                                                                              │
└──────────────────────────────────────────────────────────┘└──────────────────────────────────────────────────────────────────────────────┘
 ↑/↓: Move  Enter: Inspect  Esc: Close  C-c: Quit  F1: Help
