---
source: src/ui/render.rs
assertion_line: 463
expression: "render_to_text(&state, 59, 15)"
---
┌ sauva ──────────────────────────────────────────────────┐
│ Terminal too small                                      │
│ Minimum: 60x16                                          │
│                                                         │
│                                                         │
│                                                         │
│                                                         │
│                                                         │
│                                                         │
│                                                         │
│                                                         │
│                                                         │
│                                                         │
│                                                         │
└─────────────────────────────────────────────────────────┘
