---
source: src/ui/render.rs
expression: "render_to_text(&state, width, height)"
---
 sauva · Browse Code Points                                                                                                         U+2A6DF
┌ Browse · Block Code Points · U+2A600–U+2A6DF ────────────┐┌ Selection Preview ───────────────────────────────────────────────────────────┐
│         0  1  2  3  4  5  6  7  8  9  A  B  C  D  E  F   ││ Character        𪛟                                                           │
│ 02A600  𪘀  𪘁  𪘂  𪘃  𪘄  𪘅  𪘆  𪘇  𪘈  𪘉  𪘊  𪘋  𪘌  𪘍  𪘎  𪘏   ││ Code Point       U+2A6DF                                                     │
│ 02A610  𪘐  𪘑  𪘒  𪘓  𪘔  𪘕  𪘖  𪘗  𪘘  𪘙  𪘚  𪘛  𪘜  𪘝  𪘞  𪘟   ││ Primary Name     CJK UNIFIED IDEOGRAPH-2A6DF                                 │
│ 02A620  𪘠  𪘡  𪘢  𪘣  𪘤  𪘥  𪘦  𪘧  𪘨  𪘩  𪘪  𪘫  𪘬  𪘭  𪘮  𪘯   ││ Block            CJK Unified Ideographs Extension B                          │
│ 02A630  𪘰  𪘱  𪘲  𪘳  𪘴  𪘵  𪘶  𪘷  𪘸  𪘹  𪘺  𪘻  𪘼  𪘽  𪘾  𪘿   ││ General Category Lo — Other Letter                                           │
│ 02A640  𪙀  𪙁  𪙂  𪙃  𪙄  𪙅  𪙆  𪙇  𪙈  𪙉  𪙊  𪙋  𪙌  𪙍  𪙎  𪙏   ││                                                                              │
│ 02A650  𪙐  𪙑  𪙒  𪙓  𪙔  𪙕  𪙖  𪙗  𪙘  𪙙  𪙚  𪙛  𪙜  𪙝  𪙞  𪙟   ││                                                                              │
│ 02A660  𪙠  𪙡  𪙢  𪙣  𪙤  𪙥  𪙦  𪙧  𪙨  𪙩  𪙪  𪙫  𪙬  𪙭  𪙮  𪙯   ││                                                                              │
│ 02A670  𪙰  𪙱  𪙲  𪙳  𪙴  𪙵  𪙶  𪙷  𪙸  𪙹  𪙺  𪙻  𪙼  𪙽  𪙾  𪙿   ││                                                                              │
│ 02A680  𪚀  𪚁  𪚂  𪚃  𪚄  𪚅  𪚆  𪚇  𪚈  𪚉  𪚊  𪚋  𪚌  𪚍  𪚎  𪚏   ││                                                                              │
│ 02A690  𪚐  𪚑  𪚒  𪚓  𪚔  𪚕  𪚖  𪚗  𪚘  𪚙  𪚚  𪚛  𪚜  𪚝  𪚞  𪚟   ││                                                                              │
│ 02A6A0  𪚠  𪚡  𪚢  𪚣  𪚤  𪚥  𪚦  𪚧  𪚨  𪚩  𪚪  𪚫  𪚬  𪚭  𪚮  𪚯   ││                                                                              │
│ 02A6B0  𪚰  𪚱  𪚲  𪚳  𪚴  𪚵  𪚶  𪚷  𪚸  𪚹  𪚺  𪚻  𪚼  𪚽  𪚾  𪚿   ││                                                                              │
│ 02A6C0  𪛀  𪛁  𪛂  𪛃  𪛄  𪛅  𪛆  𪛇  𪛈  𪛉  𪛊  𪛋  𪛌  𪛍  𪛎  𪛏   ││                                                                              │
│ 02A6D0  𪛐  𪛑  𪛒  𪛓  𪛔  𪛕  𪛖  𪛗  𪛘  𪛙  𪛚  𪛛  𪛜  𪛝  𪛞  𪛟   ││                                                                              │
│                                                          ││                                                                              │
│                                                          ││                                                                              │
│                                                          ││                                                                              │
│                                                          ││                                                                              │
│                                                          ││                                                                              │
│                                                          ││                                                                              │
│                                                          ││                                                                              │
│                                                          ││                                                                              │
│                                                          ││                                                                              │
│                                                          ││                                                                              │
│                                                          ││                                                                              │
│                                                          ││                                                                              │
│                                                          ││                                                                              │
│                                                          ││                                                                              │
│                                                          ││                                                                              │
│                                                          ││                                                                              │
│                                                          ││                                                                              │
│                                                          ││                                                                              │
│                                                          ││                                                                              │
│                                                          ││                                                                              │
│                                                          ││                                                                              │
└──────────────────────────────────────────────────────────┘└──────────────────────────────────────────────────────────────────────────────┘
 h/l/k/j: Move  C-u/C-d: Jump  g/G: Ends  Enter: Inspect  BS: Back  Esc: Close  q: Quit                                            F1: Help
